// Jest Snapshot v1, https://goo.gl/fbAQLP

exports[`Localhost expectTypeFailure(other): TYPE_FAILURE::Localhost(other) 1`] = `
Struct {
  "errors": Array [
    Struct {
      "actual": "other",
      "expected": [Function],
      "message": "Invalid value \\"other\\" supplied to Localhost",
      "path": Array [],
    },
  ],
  "value": "other",
}
`;
